
Gerbera UPnP Server version 1.2.0_alpha - http://gerbera.io/

===============================================================================
Gerbera is free software, covered by the GNU General Public License version 2

Copyright 2016-2018 Gerbera Contributors.
Gerbera is based on MediaTomb: Copyright 2005-2010 Gena Batsyan, Sergey Bostandzhyan, Leonhard Wimmer.
===============================================================================
