Gerbera UPnP Media Server - https://gerbera.io
Usage:
  gerbera [OPTION...]

  -h, --help                Print this help and exit
  -D, --debug               Enable debugging
  -v, --version             Print version info and exit
      --compile-info        Print compile info and exit
      --create-config       Print a default config.xml file and exit
      --check-config        Check config.xml file and exit
      --print-options       Print simple config options and exit
      --offline             Do not answer UPnP content requests
  -d, --daemon              Daemonize after startup
  -u, --user UID            Drop privs to user UID
  -P, --pidfile FILE        Write a pidfile to the specified location, e.g.
                            /run/gerbera.pid
  -c, --config DIR          Path to config file
  -f, --cfgdir DIR          Override name of config folder (.config/gerbera)
                            in home folder.
  -l, --logfile FILE        Set log location
      --add-file FILE       Scan a file into the DB on startup, can be
                            specified multiple times
      --set-option OPT=VAL  Set simple config option OPT to value VAL, can
                            be specified multiple times use --print-options
                            for value OPTs
  -p, --port PORT           Port to bind with, must be >=49152
  -i, --ip IP               IP to bind with
  -e, --interface IF        Interface to bind with
  -m, --home DIR            Search this directory for a .config/gerbera
                            folder containing a config file
      --magic FILE          Set magic FILE
      --import-mode MODE    Activate import MODE ('mt' or 'grb')